
> astraport-api@0.1.0 build
> tsc -p tsconfig.build.json

src/rebalancing/rebalancing.controller.ts(2,10): error TS2724: '"./rebalancing.service"' has no exported member named 'RebalancingScheduleService'. Did you mean 'RebalancingService'?
src/rebalancing/rebalancing.controller.ts(3,10): error TS2305: Module '"./dto/rebalancing.dto"' has no exported member 'ExecutionHistory'.
src/rebalancing/rebalancing.controller.ts(3,28): error TS2305: Module '"./dto/rebalancing.dto"' has no exported member 'NextExecutionResponse'.
src/rebalancing/rebalancing.controller.ts(3,51): error TS2305: Module '"./dto/rebalancing.dto"' has no exported member 'RebalancingSchedule'.
src/rebalancing/rebalancing.controller.ts(3,72): error TS2305: Module '"./dto/rebalancing.dto"' has no exported member 'RebalancingScheduleResponse'.
src/rebalancing/rebalancing.controller.ts(3,101): error TS2305: Module '"./dto/rebalancing.dto"' has no exported member 'ValidationResult'.
